Started GET "/" for 192.168.1.100 at 2026-09-09 17:30:13 +0000
  [1m[35m (57.4ms)[0m  [1m[35mCREATE TABLE `schema_migrations` (`version` varchar(255) NOT NULL PRIMARY KEY)[0m
  [1m[35m (40.2ms)[0m  [1m[35mCREATE TABLE `ar_internal_metadata` (`key` varchar(255) NOT NULL PRIMARY KEY, `value` varchar(255), `created_at` datetime(6) NOT NULL, `updated_at` datetime(6) NOT NULL)[0m
  [1m[36mActiveRecord::SchemaMigration Pluck (0.6ms)[0m  [1m[34mSELECT `schema_migrations`.`version` FROM `schema_migrations` ORDER BY `schema_migrations`.`version` ASC[0m
  
ActiveRecord::PendingMigrationError (

Migrations are pending. To resolve this issue, run:

        bin/rails db:migrate RAILS_ENV=development

You have 1 pending migration:

20230101000001_create_locations.rb


):
  
activerecord (7.0.10) lib/active_record/migration.rb:663:in `check_pending!'
activerecord (7.0.10) lib/active_record/migration.rb:628:in `block (2 levels) in call'
activesupport (7.0.10) lib/active_support/file_update_checker.rb:83:in `execute'
activerecord (7.0.10) lib/active_record/migration.rb:633:in `block in call'
activerecord (7.0.10) lib/active_record/migration.rb:625:in `synchronize'
activerecord (7.0.10) lib/active_record/migration.rb:625:in `call'
actionpack (7.0.10) lib/action_dispatch/middleware/callbacks.rb:27:in `block in call'
activesupport (7.0.10) lib/active_support/callbacks.rb:99:in `run_callbacks'
actionpack (7.0.10) lib/action_dispatch/middleware/callbacks.rb:26:in `call'
actionpack (7.0.10) lib/action_dispatch/middleware/executor.rb:14:in `call'
actionpack (7.0.10) lib/action_dispatch/middleware/actionable_exceptions.rb:17:in `call'
actionpack (7.0.10) lib/action_dispatch/middleware/debug_exceptions.rb:28:in `call'
actionpack (7.0.10) lib/action_dispatch/middleware/show_exceptions.rb:29:in `call'
railties (7.0.10) lib/rails/rack/logger.rb:40:in `call_app'
railties (7.0.10) lib/rails/rack/logger.rb:25:in `block in call'
activesupport (7.0.10) lib/active_support/tagged_logging.rb:99:in `block in tagged'
activesupport (7.0.10) lib/active_support/tagged_logging.rb:37:in `tagged'
activesupport (7.0.10) lib/active_support/tagged_logging.rb:99:in `tagged'
railties (7.0.10) lib/rails/rack/logger.rb:25:in `call'
actionpack (7.0.10) lib/action_dispatch/middleware/remote_ip.rb:93:in `call'
actionpack (7.0.10) lib/action_dispatch/middleware/request_id.rb:26:in `call'
rack (2.2.24) lib/rack/runtime.rb:22:in `call'
activesupport (7.0.10) lib/active_support/cache/strategy/local_cache_middleware.rb:29:in `call'
actionpack (7.0.10) lib/action_dispatch/middleware/server_timing.rb:61:in `block in call'
actionpack (7.0.10) lib/action_dispatch/middleware/server_timing.rb:26:in `collect_events'
actionpack (7.0.10) lib/action_dispatch/middleware/server_timing.rb:60:in `call'
actionpack (7.0.10) lib/action_dispatch/middleware/executor.rb:14:in `call'
actionpack (7.0.10) lib/action_dispatch/middleware/static.rb:23:in `call'
rack (2.2.24) lib/rack/sendfile.rb:127:in `call'
actionpack (7.0.10) lib/action_dispatch/middleware/host_authorization.rb:138:in `call'
railties (7.0.10) lib/rails/engine.rb:531:in `call'
puma (5.6.9) lib/puma/configuration.rb:252:in `call'
puma (5.6.9) lib/puma/request.rb:77:in `block in handle_request'
puma (5.6.9) lib/puma/thread_pool.rb:340:in `with_force_shutdown'
puma (5.6.9) lib/puma/request.rb:76:in `handle_request'
puma (5.6.9) lib/puma/server.rb:443:in `process_client'
puma (5.6.9) lib/puma/thread_pool.rb:147:in `block in spawn_thread'
Started GET "/favicon.ico" for 192.168.1.100 at 2026-09-09 17:30:14 +0000
  [1m[36mActiveRecord::SchemaMigration Pluck (0.3ms)[0m  [1m[34mSELECT `schema_migrations`.`version` FROM `schema_migrations` ORDER BY `schema_migrations`.`version` ASC[0m
  [1m[36mCACHE ActiveRecord::SchemaMigration Pluck (0.0ms)[0m  [1m[34mSELECT `schema_migrations`.`version` FROM `schema_migrations` ORDER BY `schema_migrations`.`version` ASC[0m
  
ActiveRecord::PendingMigrationError (

Migrations are pending. To resolve this issue, run:

        bin/rails db:migrate RAILS_ENV=development

You have 1 pending migration:

20230101000001_create_locations.rb


):
  
activerecord (7.0.10) lib/active_record/migration.rb:663:in `check_pending!'
activerecord (7.0.10) lib/active_record/migration.rb:628:in `block (2 levels) in call'
activesupport (7.0.10) lib/active_support/file_update_checker.rb:83:in `execute'
activerecord (7.0.10) lib/active_record/migration.rb:633:in `block in call'
activerecord (7.0.10) lib/active_record/migration.rb:625:in `synchronize'
activerecord (7.0.10) lib/active_record/migration.rb:625:in `call'
actionpack (7.0.10) lib/action_dispatch/middleware/callbacks.rb:27:in `block in call'
activesupport (7.0.10) lib/active_support/callbacks.rb:99:in `run_callbacks'
actionpack (7.0.10) lib/action_dispatch/middleware/callbacks.rb:26:in `call'
actionpack (7.0.10) lib/action_dispatch/middleware/executor.rb:14:in `call'
actionpack (7.0.10) lib/action_dispatch/middleware/actionable_exceptions.rb:17:in `call'
actionpack (7.0.10) lib/action_dispatch/middleware/debug_exceptions.rb:28:in `call'
actionpack (7.0.10) lib/action_dispatch/middleware/show_exceptions.rb:29:in `call'
railties (7.0.10) lib/rails/rack/logger.rb:40:in `call_app'
railties (7.0.10) lib/rails/rack/logger.rb:25:in `block in call'
activesupport (7.0.10) lib/active_support/tagged_logging.rb:99:in `block in tagged'
activesupport (7.0.10) lib/active_support/tagged_logging.rb:37:in `tagged'
activesupport (7.0.10) lib/active_support/tagged_logging.rb:99:in `tagged'
railties (7.0.10) lib/rails/rack/logger.rb:25:in `call'
actionpack (7.0.10) lib/action_dispatch/middleware/remote_ip.rb:93:in `call'
actionpack (7.0.10) lib/action_dispatch/middleware/request_id.rb:26:in `call'
rack (2.2.24) lib/rack/runtime.rb:22:in `call'
activesupport (7.0.10) lib/active_support/cache/strategy/local_cache_middleware.rb:29:in `call'
actionpack (7.0.10) lib/action_dispatch/middleware/server_timing.rb:61:in `block in call'
actionpack (7.0.10) lib/action_dispatch/middleware/server_timing.rb:26:in `collect_events'
actionpack (7.0.10) lib/action_dispatch/middleware/server_timing.rb:60:in `call'
actionpack (7.0.10) lib/action_dispatch/middleware/executor.rb:14:in `call'
actionpack (7.0.10) lib/action_dispatch/middleware/static.rb:23:in `call'
rack (2.2.24) lib/rack/sendfile.rb:127:in `call'
actionpack (7.0.10) lib/action_dispatch/middleware/host_authorization.rb:138:in `call'
railties (7.0.10) lib/rails/engine.rb:531:in `call'
puma (5.6.9) lib/puma/configuration.rb:252:in `call'
puma (5.6.9) lib/puma/request.rb:77:in `block in handle_request'
puma (5.6.9) lib/puma/thread_pool.rb:340:in `with_force_shutdown'
puma (5.6.9) lib/puma/request.rb:76:in `handle_request'
puma (5.6.9) lib/puma/server.rb:443:in `process_client'
puma (5.6.9) lib/puma/thread_pool.rb:147:in `block in spawn_thread'
  [1m[35m (0.2ms)[0m  [1m[34mSELECT GET_LOCK('4598764919443922325', 0)[0m
  [1m[36mActiveRecord::SchemaMigration Pluck (0.2ms)[0m  [1m[34mSELECT `schema_migrations`.`version` FROM `schema_migrations` ORDER BY `schema_migrations`.`version` ASC[0m
Migrating to CreateLocations (20230101000001)
  [1m[35m (46.8ms)[0m  [1m[35mCREATE TABLE `locations` (`id` bigint NOT NULL AUTO_INCREMENT PRIMARY KEY, `ip_address` varchar(255), `hostname` varchar(255), `address_type` varchar(255), `country_code` varchar(255), `country_name` varchar(255), `region_name` varchar(255), `city` varchar(255), `zip_code` varchar(255), `latitude` decimal(10,6), `longitude` decimal(10,6), `raw_response` json, `created_at` datetime(6) NOT NULL, `updated_at` datetime(6) NOT NULL)[0m
  [1m[35m (81.9ms)[0m  [1m[35mCREATE INDEX `index_locations_on_country_code` ON `locations` (`country_code`)[0m
  [1m[36mTRANSACTION (0.1ms)[0m  [1m[35mBEGIN[0m
  [1m[36mActiveRecord::SchemaMigration Create (0.2ms)[0m  [1m[32mINSERT INTO `schema_migrations` (`version`) VALUES ('20230101000001')[0m
  [1m[36mTRANSACTION (3.4ms)[0m  [1m[35mCOMMIT[0m
  [1m[36mActiveRecord::InternalMetadata Load (0.3ms)[0m  [1m[34mSELECT `ar_internal_metadata`.* FROM `ar_internal_metadata` WHERE `ar_internal_metadata`.`key` = 'environment' LIMIT 1[0m
  [1m[36mTRANSACTION (0.1ms)[0m  [1m[35mBEGIN[0m
  [1m[36mActiveRecord::InternalMetadata Create (0.2ms)[0m  [1m[32mINSERT INTO `ar_internal_metadata` (`key`, `value`, `created_at`, `updated_at`) VALUES ('environment', 'development', '2026-09-09 17:32:33.265762', '2026-09-09 17:32:33.265762')[0m
  [1m[36mTRANSACTION (3.6ms)[0m  [1m[35mCOMMIT[0m
  [1m[35m (0.2ms)[0m  [1m[34mSELECT RELEASE_LOCK('4598764919443922325')[0m
  [1m[36mActiveRecord::SchemaMigration Pluck (0.2ms)[0m  [1m[34mSELECT `schema_migrations`.`version` FROM `schema_migrations` ORDER BY `schema_migrations`.`version` ASC[0m
Started GET "/" for 192.168.1.100 at 2026-09-09 17:36:06 +0000
  [1m[36mActiveRecord::SchemaMigration Pluck (0.2ms)[0m  [1m[34mSELECT `schema_migrations`.`version` FROM `schema_migrations` ORDER BY `schema_migrations`.`version` ASC[0m
Processing by Rails::WelcomeController#index as HTML
  Rendering /usr/local/bundle/gems/railties-7.0.10/lib/rails/templates/rails/welcome/index.html.erb
  Rendered /usr/local/bundle/gems/railties-7.0.10/lib/rails/templates/rails/welcome/index.html.erb (Duration: 0.5ms | Allocations: 263)
Completed 200 OK in 4ms (Views: 1.3ms | ActiveRecord: 0.0ms | Allocations: 2296)


Started GET "/swagger" for 192.168.1.100 at 2026-09-09 17:36:17 +0000
  
ActionController::RoutingError (No route matches [GET] "/swagger"):
  
Started GET "/favicon.ico" for 192.168.1.100 at 2026-09-09 17:36:18 +0000
  
ActionController::RoutingError (No route matches [GET] "/favicon.ico"):
  
